{"digest":"sha512_224:d5f9767e096056fcf381b801e2b0b80b33acdc09b7a7e3a1c504231e"}
