{"digest":"sha512_256:eb199aeab4047ca6430890372769681045c20b1a0a4a78b595ab62dbdfc9285f"}
