"sha512_256:3d37fe58435e0d87323dee4a2c1b339ef954de63716ee79f5747f94d974f913f"
