"sha512_224:06001bf08dfb17d2b54925116823be230e98b5c6c278303bc4909a8c"
