{"version":1,"header":{"digest":"sha256:635fa0a14a8ef0c0351ed3e985799ed1d4f75ce973dea3cc76c99710795cc3f1"},"objects":[{"relativeId":0,"descriptorDigest":"sha256:3634ad01db0dd5482ecf685267b53d6201690438ca27c3d7ea91c971a1f41f92","objectDigest":"sha256:004dfc8da678c309de28b5386a1e9efd57f536b150c40d29b31506aa0fb17ec2"}]}
