Launch Script:        #!/usr/bin/env run-singularity
Version:              01
Primary Architecture: 386
ID:                   0b19ec2c-0b08-46c9-95ae-fa88cd9e48a1
Created At:           2020-05-22 19:30:59 +0000 UTC
Modified At:          2020-06-20 20:17:19 +0000 UTC
Descriptors Free:     43
Descriptors Total:    48
Descriptors Offset:   4096
Descriptors Size:     27 KiB
Data Offset:          32768
Data Size:            17 KiB
