  Data Type:  Signature
  ID:         4
  Group ID:   NONE
  Linked ID:  1 (G)
  Offset:     303104
  Size:       1508
  Hash Type:  SHA-256
  Entity:     DB2DE6BB66AC38F44F0C8AECEBCC8F49AA01997D
