  Data Type:  Signature
  ID:         4
  Group ID:   NONE
  Linked ID:  1 (G)
  Offset:     303104
  Size:       1048
  Hash Type:  SHA-256
  Entity:     12045C8C0B1004D058DE4BEDA20C27EE7FF7BA84
