Version:              01
Primary Architecture: 386
Descriptors Free:     45
Descriptors Total:    48
Descriptors Offset:   4096
Descriptors Size:     27 KiB
Data Offset:          32176
Data Size:            10 KiB
