------------------------------------------------------------------------------
ID   |GROUP   |LINK    |SIF POSITION (start-end)  |TYPE
------------------------------------------------------------------------------
1    |1       |NONE    |32768-32772               |FS (Raw/System/386)
2    |1       |NONE    |36864-40960               |FS (Squashfs/*System/386)
3    |NONE    |1   (G) |40960-42008               |Signature (SHA-256)
