ID:           0b19ec2c-0b08-46c9-95ae-fa88cd9e48a1
Created At:   2020-05-22 19:30:59 +0000 UTC
Modified At:  2020-06-20 20:16:44 +0000 UTC
----------------------------------------------------
Descriptors:
ID   |GROUP   |LINK    |SIF POSITION (start-end)  |TYPE
------------------------------------------------------------------------------
1    |1       |NONE    |32768-32772               |FS (Raw/System/386)
2    |1       |NONE    |36864-36868               |FS (Squashfs/*System/386)
3    |2       |NONE    |40960-40964               |FS (Ext3/System/amd64)
4    |1       |2       |45056-45665               |Signature (SHA-384)
