------------------------------------------------------------------------------
ID   |GROUP   |LINK    |SIF POSITION (start-end)  |TYPE
------------------------------------------------------------------------------
1    |1       |NONE    |32768-32772               |FS (Raw/System/386)
2    |1       |NONE    |36864-40960               |FS (Squashfs/*System/386)
3    |2       |NONE    |40960-303104              |FS (Ext3/System/amd64)
4    |NONE    |1   (G) |303104-304152             |Signature (SHA-256)
5    |NONE    |2   (G) |304152-305001             |Signature (SHA-256)
