{"relativeId":1,"descriptorDigest":"sha256:a1e6ca1d0cce1fbd71b186ac7a5c5a805c833ecc419a78d017558e79c0862790","objectDigest":"sha256:8b7df143d91c716ecfa5fc1730022f6b421b05cedee8fd52b1fc65a96030ad52"}
