{"relativeId":0,"descriptorDigest":"sha512_256:aef151cf86aaab28a4e086c9e1f9d19c8f85e4eb794336d909a6844ce7fb52ef","objectDigest":"sha512_256:9a801762c512490303535d35c221e2dc1d24f5094d038041dc4303ba7ac04f0e"}
