{"relativeId":0,"descriptorDigest":"sha512_224:ba5b52f4337756f9efb0c7d35f16e0365ba5845b0dd9df5e9edfce3a","objectDigest":"sha512_224:b1d15ae18bb05265b44e9e0137f08078f53f5b239a78c49c2cfc2c9c"}
